// Jest Snapshot v1, https://goo.gl/fbAQLP

exports[`AdminDashboard component tests matches SnapShot 1`] = `
ShallowWrapper {
  "length": 1,
  Symbol(enzyme.__root__): [Circular],
  Symbol(enzyme.__unrendered__): <MemoryRouter
    initialEntries={
        Array [
            Object {
              "key": "testKey",
              "pathname": "/",
            },
          ]
    }
>
    <Connect(AdminDashboard) />
</MemoryRouter>,
  Symbol(enzyme.__renderer__): Object {
    "batchedUpdates": [Function],
    "getNode": [Function],
    "render": [Function],
    "simulateEvent": [Function],
    "unmount": [Function],
  },
  Symbol(enzyme.__node__): Object {
    "instance": null,
    "key": undefined,
    "nodeType": "class",
    "props": Object {
      "children": <Connect(AdminDashboard) />,
      "history": Object {
        "action": "POP",
        "block": [Function],
        "canGo": [Function],
        "createHref": [Function],
        "entries": Array [
          Object {
            "hash": "",
            "key": "testKey",
            "pathname": "/",
            "search": "",
          },
        ],
        "go": [Function],
        "goBack": [Function],
        "goForward": [Function],
        "index": 0,
        "length": 1,
        "listen": [Function],
        "location": Object {
          "hash": "",
          "key": "testKey",
          "pathname": "/",
          "search": "",
        },
        "push": [Function],
        "replace": [Function],
      },
    },
    "ref": null,
    "rendered": Object {
      "instance": null,
      "key": undefined,
      "nodeType": "class",
      "props": Object {},
      "ref": null,
      "rendered": null,
      "type": [Function],
    },
    "type": [Function],
  },
  Symbol(enzyme.__nodes__): Array [
    Object {
      "instance": null,
      "key": undefined,
      "nodeType": "class",
      "props": Object {
        "children": <Connect(AdminDashboard) />,
        "history": Object {
          "action": "POP",
          "block": [Function],
          "canGo": [Function],
          "createHref": [Function],
          "entries": Array [
            Object {
              "hash": "",
              "key": "testKey",
              "pathname": "/",
              "search": "",
            },
          ],
          "go": [Function],
          "goBack": [Function],
          "goForward": [Function],
          "index": 0,
          "length": 1,
          "listen": [Function],
          "location": Object {
            "hash": "",
            "key": "testKey",
            "pathname": "/",
            "search": "",
          },
          "push": [Function],
          "replace": [Function],
        },
      },
      "ref": null,
      "rendered": Object {
        "instance": null,
        "key": undefined,
        "nodeType": "class",
        "props": Object {},
        "ref": null,
        "rendered": null,
        "type": [Function],
      },
      "type": [Function],
    },
  ],
  Symbol(enzyme.__options__): Object {
    "adapter": ReactSixteenAdapter {
      "options": Object {
        "enableComponentDidUpdateOnSetState": true,
      },
    },
  },
}
`;

exports[`Dashboard component tests matches SnapShot 1`] = `
ShallowWrapper {
  "length": 1,
  Symbol(enzyme.__root__): [Circular],
  Symbol(enzyme.__unrendered__): <Dashboard />,
  Symbol(enzyme.__renderer__): Object {
    "batchedUpdates": [Function],
    "getNode": [Function],
    "render": [Function],
    "simulateEvent": [Function],
    "unmount": [Function],
  },
  Symbol(enzyme.__node__): Object {
    "instance": null,
    "key": undefined,
    "nodeType": "host",
    "props": Object {
      "children": Array [
        <h1
          className="admin-greeting"
>
          Admin Dashboard
</h1>,
        <div
          className="dashboard-container"
>
          <div
                    className="dashboard-section"
          >
                    <h2>
                              MANAGE ACTIONS
                    </h2>
                    <NavLink
                              activeClassName="active"
                              ariaCurrent="true"
                              className="admin-btn create-new-action"
                              to="/admin/create"
                    >
                              Create New Action
                    </NavLink>
                    <NavLink
                              activeClassName="active"
                              ariaCurrent="true"
                              className="admin-btn enable-disable"
                              to="/admin/update"
                    >
                              Edit/Update Actions
                    </NavLink>
          </div>
          <div
                    className="dashboard-section"
          >
                    <h2>
                              ANALYTICS
                    </h2>
                    <NavLink
                              activeClassName="active"
                              ariaCurrent="true"
                              className="admin-btn action-log"
                              to="/admin/log"
                    >
                              Action Log
                    </NavLink>
                    <NavLink
                              activeClassName="active"
                              ariaCurrent="true"
                              className="admin-btn user-feedback"
                              to="/admin/feedback"
                    >
                              User Feedback
                    </NavLink>
          </div>
</div>,
      ],
      "className": "main-dashboard",
    },
    "ref": null,
    "rendered": Array [
      Object {
        "instance": null,
        "key": undefined,
        "nodeType": "host",
        "props": Object {
          "children": "Admin Dashboard",
          "className": "admin-greeting",
        },
        "ref": null,
        "rendered": "Admin Dashboard",
        "type": "h1",
      },
      Object {
        "instance": null,
        "key": undefined,
        "nodeType": "host",
        "props": Object {
          "children": Array [
            <div
              className="dashboard-section"
>
              <h2>
                            MANAGE ACTIONS
              </h2>
              <NavLink
                            activeClassName="active"
                            ariaCurrent="true"
                            className="admin-btn create-new-action"
                            to="/admin/create"
              >
                            Create New Action
              </NavLink>
              <NavLink
                            activeClassName="active"
                            ariaCurrent="true"
                            className="admin-btn enable-disable"
                            to="/admin/update"
              >
                            Edit/Update Actions
              </NavLink>
</div>,
            <div
              className="dashboard-section"
>
              <h2>
                            ANALYTICS
              </h2>
              <NavLink
                            activeClassName="active"
                            ariaCurrent="true"
                            className="admin-btn action-log"
                            to="/admin/log"
              >
                            Action Log
              </NavLink>
              <NavLink
                            activeClassName="active"
                            ariaCurrent="true"
                            className="admin-btn user-feedback"
                            to="/admin/feedback"
              >
                            User Feedback
              </NavLink>
</div>,
          ],
          "className": "dashboard-container",
        },
        "ref": null,
        "rendered": Array [
          Object {
            "instance": null,
            "key": undefined,
            "nodeType": "host",
            "props": Object {
              "children": Array [
                <h2>
                  MANAGE ACTIONS
</h2>,
                <NavLink
                  activeClassName="active"
                  ariaCurrent="true"
                  className="admin-btn create-new-action"
                  to="/admin/create"
>
                  Create New Action
</NavLink>,
                <NavLink
                  activeClassName="active"
                  ariaCurrent="true"
                  className="admin-btn enable-disable"
                  to="/admin/update"
>
                  Edit/Update Actions
</NavLink>,
              ],
              "className": "dashboard-section",
            },
            "ref": null,
            "rendered": Array [
              Object {
                "instance": null,
                "key": undefined,
                "nodeType": "host",
                "props": Object {
                  "children": "MANAGE ACTIONS",
                },
                "ref": null,
                "rendered": "MANAGE ACTIONS",
                "type": "h2",
              },
              Object {
                "instance": null,
                "key": undefined,
                "nodeType": "function",
                "props": Object {
                  "activeClassName": "active",
                  "ariaCurrent": "true",
                  "children": "Create New Action",
                  "className": "admin-btn create-new-action",
                  "to": "/admin/create",
                },
                "ref": null,
                "rendered": "Create New Action",
                "type": [Function],
              },
              Object {
                "instance": null,
                "key": undefined,
                "nodeType": "function",
                "props": Object {
                  "activeClassName": "active",
                  "ariaCurrent": "true",
                  "children": "Edit/Update Actions",
                  "className": "admin-btn enable-disable",
                  "to": "/admin/update",
                },
                "ref": null,
                "rendered": "Edit/Update Actions",
                "type": [Function],
              },
            ],
            "type": "div",
          },
          Object {
            "instance": null,
            "key": undefined,
            "nodeType": "host",
            "props": Object {
              "children": Array [
                <h2>
                  ANALYTICS
</h2>,
                <NavLink
                  activeClassName="active"
                  ariaCurrent="true"
                  className="admin-btn action-log"
                  to="/admin/log"
>
                  Action Log
</NavLink>,
                <NavLink
                  activeClassName="active"
                  ariaCurrent="true"
                  className="admin-btn user-feedback"
                  to="/admin/feedback"
>
                  User Feedback
</NavLink>,
              ],
              "className": "dashboard-section",
            },
            "ref": null,
            "rendered": Array [
              Object {
                "instance": null,
                "key": undefined,
                "nodeType": "host",
                "props": Object {
                  "children": "ANALYTICS",
                },
                "ref": null,
                "rendered": "ANALYTICS",
                "type": "h2",
              },
              Object {
                "instance": null,
                "key": undefined,
                "nodeType": "function",
                "props": Object {
                  "activeClassName": "active",
                  "ariaCurrent": "true",
                  "children": "Action Log",
                  "className": "admin-btn action-log",
                  "to": "/admin/log",
                },
                "ref": null,
                "rendered": "Action Log",
                "type": [Function],
              },
              Object {
                "instance": null,
                "key": undefined,
                "nodeType": "function",
                "props": Object {
                  "activeClassName": "active",
                  "ariaCurrent": "true",
                  "children": "User Feedback",
                  "className": "admin-btn user-feedback",
                  "to": "/admin/feedback",
                },
                "ref": null,
                "rendered": "User Feedback",
                "type": [Function],
              },
            ],
            "type": "div",
          },
        ],
        "type": "div",
      },
    ],
    "type": "section",
  },
  Symbol(enzyme.__nodes__): Array [
    Object {
      "instance": null,
      "key": undefined,
      "nodeType": "host",
      "props": Object {
        "children": Array [
          <h1
            className="admin-greeting"
>
            Admin Dashboard
</h1>,
          <div
            className="dashboard-container"
>
            <div
                        className="dashboard-section"
            >
                        <h2>
                                    MANAGE ACTIONS
                        </h2>
                        <NavLink
                                    activeClassName="active"
                                    ariaCurrent="true"
                                    className="admin-btn create-new-action"
                                    to="/admin/create"
                        >
                                    Create New Action
                        </NavLink>
                        <NavLink
                                    activeClassName="active"
                                    ariaCurrent="true"
                                    className="admin-btn enable-disable"
                                    to="/admin/update"
                        >
                                    Edit/Update Actions
                        </NavLink>
            </div>
            <div
                        className="dashboard-section"
            >
                        <h2>
                                    ANALYTICS
                        </h2>
                        <NavLink
                                    activeClassName="active"
                                    ariaCurrent="true"
                                    className="admin-btn action-log"
                                    to="/admin/log"
                        >
                                    Action Log
                        </NavLink>
                        <NavLink
                                    activeClassName="active"
                                    ariaCurrent="true"
                                    className="admin-btn user-feedback"
                                    to="/admin/feedback"
                        >
                                    User Feedback
                        </NavLink>
            </div>
</div>,
        ],
        "className": "main-dashboard",
      },
      "ref": null,
      "rendered": Array [
        Object {
          "instance": null,
          "key": undefined,
          "nodeType": "host",
          "props": Object {
            "children": "Admin Dashboard",
            "className": "admin-greeting",
          },
          "ref": null,
          "rendered": "Admin Dashboard",
          "type": "h1",
        },
        Object {
          "instance": null,
          "key": undefined,
          "nodeType": "host",
          "props": Object {
            "children": Array [
              <div
                className="dashboard-section"
>
                <h2>
                                MANAGE ACTIONS
                </h2>
                <NavLink
                                activeClassName="active"
                                ariaCurrent="true"
                                className="admin-btn create-new-action"
                                to="/admin/create"
                >
                                Create New Action
                </NavLink>
                <NavLink
                                activeClassName="active"
                                ariaCurrent="true"
                                className="admin-btn enable-disable"
                                to="/admin/update"
                >
                                Edit/Update Actions
                </NavLink>
</div>,
              <div
                className="dashboard-section"
>
                <h2>
                                ANALYTICS
                </h2>
                <NavLink
                                activeClassName="active"
                                ariaCurrent="true"
                                className="admin-btn action-log"
                                to="/admin/log"
                >
                                Action Log
                </NavLink>
                <NavLink
                                activeClassName="active"
                                ariaCurrent="true"
                                className="admin-btn user-feedback"
                                to="/admin/feedback"
                >
                                User Feedback
                </NavLink>
</div>,
            ],
            "className": "dashboard-container",
          },
          "ref": null,
          "rendered": Array [
            Object {
              "instance": null,
              "key": undefined,
              "nodeType": "host",
              "props": Object {
                "children": Array [
                  <h2>
                    MANAGE ACTIONS
</h2>,
                  <NavLink
                    activeClassName="active"
                    ariaCurrent="true"
                    className="admin-btn create-new-action"
                    to="/admin/create"
>
                    Create New Action
</NavLink>,
                  <NavLink
                    activeClassName="active"
                    ariaCurrent="true"
                    className="admin-btn enable-disable"
                    to="/admin/update"
>
                    Edit/Update Actions
</NavLink>,
                ],
                "className": "dashboard-section",
              },
              "ref": null,
              "rendered": Array [
                Object {
                  "instance": null,
                  "key": undefined,
                  "nodeType": "host",
                  "props": Object {
                    "children": "MANAGE ACTIONS",
                  },
                  "ref": null,
                  "rendered": "MANAGE ACTIONS",
                  "type": "h2",
                },
                Object {
                  "instance": null,
                  "key": undefined,
                  "nodeType": "function",
                  "props": Object {
                    "activeClassName": "active",
                    "ariaCurrent": "true",
                    "children": "Create New Action",
                    "className": "admin-btn create-new-action",
                    "to": "/admin/create",
                  },
                  "ref": null,
                  "rendered": "Create New Action",
                  "type": [Function],
                },
                Object {
                  "instance": null,
                  "key": undefined,
                  "nodeType": "function",
                  "props": Object {
                    "activeClassName": "active",
                    "ariaCurrent": "true",
                    "children": "Edit/Update Actions",
                    "className": "admin-btn enable-disable",
                    "to": "/admin/update",
                  },
                  "ref": null,
                  "rendered": "Edit/Update Actions",
                  "type": [Function],
                },
              ],
              "type": "div",
            },
            Object {
              "instance": null,
              "key": undefined,
              "nodeType": "host",
              "props": Object {
                "children": Array [
                  <h2>
                    ANALYTICS
</h2>,
                  <NavLink
                    activeClassName="active"
                    ariaCurrent="true"
                    className="admin-btn action-log"
                    to="/admin/log"
>
                    Action Log
</NavLink>,
                  <NavLink
                    activeClassName="active"
                    ariaCurrent="true"
                    className="admin-btn user-feedback"
                    to="/admin/feedback"
>
                    User Feedback
</NavLink>,
                ],
                "className": "dashboard-section",
              },
              "ref": null,
              "rendered": Array [
                Object {
                  "instance": null,
                  "key": undefined,
                  "nodeType": "host",
                  "props": Object {
                    "children": "ANALYTICS",
                  },
                  "ref": null,
                  "rendered": "ANALYTICS",
                  "type": "h2",
                },
                Object {
                  "instance": null,
                  "key": undefined,
                  "nodeType": "function",
                  "props": Object {
                    "activeClassName": "active",
                    "ariaCurrent": "true",
                    "children": "Action Log",
                    "className": "admin-btn action-log",
                    "to": "/admin/log",
                  },
                  "ref": null,
                  "rendered": "Action Log",
                  "type": [Function],
                },
                Object {
                  "instance": null,
                  "key": undefined,
                  "nodeType": "function",
                  "props": Object {
                    "activeClassName": "active",
                    "ariaCurrent": "true",
                    "children": "User Feedback",
                    "className": "admin-btn user-feedback",
                    "to": "/admin/feedback",
                  },
                  "ref": null,
                  "rendered": "User Feedback",
                  "type": [Function],
                },
              ],
              "type": "div",
            },
          ],
          "type": "div",
        },
      ],
      "type": "section",
    },
  ],
  Symbol(enzyme.__options__): Object {
    "adapter": ReactSixteenAdapter {
      "options": Object {
        "enableComponentDidUpdateOnSetState": true,
      },
    },
  },
}
`;
