// Jest Snapshot v1, https://goo.gl/fbAQLP

exports[`CreateNewAction component tests matches SnapShot 1`] = `
ShallowWrapper {
  "length": 1,
  Symbol(enzyme.__root__): [Circular],
  Symbol(enzyme.__unrendered__): <CreateNewAction />,
  Symbol(enzyme.__renderer__): Object {
    "batchedUpdates": [Function],
    "getNode": [Function],
    "render": [Function],
    "simulateEvent": [Function],
    "unmount": [Function],
  },
  Symbol(enzyme.__node__): Object {
    "instance": null,
    "key": undefined,
    "nodeType": "host",
    "props": Object {
      "children": Array [
        <h1>
          CREATE A NEW 
          <span>
                    FACEBOOK
          </span>
           ACTION
</h1>,
        <section
          className="select-action-container"
>
          <label
                    htmlFor="action-types"
          >
                    Select Action Type:
                    <select
                              id="action-types"
                              name="action-types"
                              onChange={[Function]}
                    >
                              <option
                                        value="facebook"
                              >
                                        Facebook
                              </option>
                              <option
                                        value="twitter"
                              >
                                        Twitter
                              </option>
                              <option
                                        value="email"
                              >
                                        Email
                              </option>
                              <option
                                        value="phone"
                              >
                                        Phone
                              </option>
                    </select>
          </label>
          <ActionForm
                    form="facebook"
                    handleSubmit={[Function]}
          />
</section>,
      ],
      "className": "create-new-action-container",
    },
    "ref": null,
    "rendered": Array [
      Object {
        "instance": null,
        "key": undefined,
        "nodeType": "host",
        "props": Object {
          "children": Array [
            "CREATE A NEW ",
            <span>
              FACEBOOK
</span>,
            " ACTION",
          ],
        },
        "ref": null,
        "rendered": Array [
          "CREATE A NEW ",
          Object {
            "instance": null,
            "key": undefined,
            "nodeType": "host",
            "props": Object {
              "children": "FACEBOOK",
            },
            "ref": null,
            "rendered": "FACEBOOK",
            "type": "span",
          },
          " ACTION",
        ],
        "type": "h1",
      },
      Object {
        "instance": null,
        "key": undefined,
        "nodeType": "host",
        "props": Object {
          "children": Array [
            <label
              htmlFor="action-types"
>
              Select Action Type:
              <select
                            id="action-types"
                            name="action-types"
                            onChange={[Function]}
              >
                            <option
                                          value="facebook"
                            >
                                          Facebook
                            </option>
                            <option
                                          value="twitter"
                            >
                                          Twitter
                            </option>
                            <option
                                          value="email"
                            >
                                          Email
                            </option>
                            <option
                                          value="phone"
                            >
                                          Phone
                            </option>
              </select>
</label>,
            <ActionForm
              form="facebook"
              handleSubmit={[Function]}
/>,
          ],
          "className": "select-action-container",
        },
        "ref": null,
        "rendered": Array [
          Object {
            "instance": null,
            "key": undefined,
            "nodeType": "host",
            "props": Object {
              "children": Array [
                "Select Action Type:",
                <select
                  id="action-types"
                  name="action-types"
                  onChange={[Function]}
>
                  <option
                                    value="facebook"
                  >
                                    Facebook
                  </option>
                  <option
                                    value="twitter"
                  >
                                    Twitter
                  </option>
                  <option
                                    value="email"
                  >
                                    Email
                  </option>
                  <option
                                    value="phone"
                  >
                                    Phone
                  </option>
</select>,
                false,
                false,
              ],
              "htmlFor": "action-types",
            },
            "ref": null,
            "rendered": Array [
              "Select Action Type:",
              Object {
                "instance": null,
                "key": undefined,
                "nodeType": "host",
                "props": Object {
                  "children": Array [
                    <option
                      value="facebook"
>
                      Facebook
</option>,
                    <option
                      value="twitter"
>
                      Twitter
</option>,
                    <option
                      value="email"
>
                      Email
</option>,
                    <option
                      value="phone"
>
                      Phone
</option>,
                  ],
                  "id": "action-types",
                  "name": "action-types",
                  "onChange": [Function],
                },
                "ref": [Function],
                "rendered": Array [
                  Object {
                    "instance": null,
                    "key": undefined,
                    "nodeType": "host",
                    "props": Object {
                      "children": "Facebook",
                      "value": "facebook",
                    },
                    "ref": null,
                    "rendered": "Facebook",
                    "type": "option",
                  },
                  Object {
                    "instance": null,
                    "key": undefined,
                    "nodeType": "host",
                    "props": Object {
                      "children": "Twitter",
                      "value": "twitter",
                    },
                    "ref": null,
                    "rendered": "Twitter",
                    "type": "option",
                  },
                  Object {
                    "instance": null,
                    "key": undefined,
                    "nodeType": "host",
                    "props": Object {
                      "children": "Email",
                      "value": "email",
                    },
                    "ref": null,
                    "rendered": "Email",
                    "type": "option",
                  },
                  Object {
                    "instance": null,
                    "key": undefined,
                    "nodeType": "host",
                    "props": Object {
                      "children": "Phone",
                      "value": "phone",
                    },
                    "ref": null,
                    "rendered": "Phone",
                    "type": "option",
                  },
                ],
                "type": "select",
              },
              false,
              false,
            ],
            "type": "label",
          },
          Object {
            "instance": null,
            "key": undefined,
            "nodeType": "class",
            "props": Object {
              "form": "facebook",
              "handleSubmit": [Function],
            },
            "ref": null,
            "rendered": null,
            "type": [Function],
          },
        ],
        "type": "section",
      },
    ],
    "type": "div",
  },
  Symbol(enzyme.__nodes__): Array [
    Object {
      "instance": null,
      "key": undefined,
      "nodeType": "host",
      "props": Object {
        "children": Array [
          <h1>
            CREATE A NEW 
            <span>
                        FACEBOOK
            </span>
             ACTION
</h1>,
          <section
            className="select-action-container"
>
            <label
                        htmlFor="action-types"
            >
                        Select Action Type:
                        <select
                                    id="action-types"
                                    name="action-types"
                                    onChange={[Function]}
                        >
                                    <option
                                                value="facebook"
                                    >
                                                Facebook
                                    </option>
                                    <option
                                                value="twitter"
                                    >
                                                Twitter
                                    </option>
                                    <option
                                                value="email"
                                    >
                                                Email
                                    </option>
                                    <option
                                                value="phone"
                                    >
                                                Phone
                                    </option>
                        </select>
            </label>
            <ActionForm
                        form="facebook"
                        handleSubmit={[Function]}
            />
</section>,
        ],
        "className": "create-new-action-container",
      },
      "ref": null,
      "rendered": Array [
        Object {
          "instance": null,
          "key": undefined,
          "nodeType": "host",
          "props": Object {
            "children": Array [
              "CREATE A NEW ",
              <span>
                FACEBOOK
</span>,
              " ACTION",
            ],
          },
          "ref": null,
          "rendered": Array [
            "CREATE A NEW ",
            Object {
              "instance": null,
              "key": undefined,
              "nodeType": "host",
              "props": Object {
                "children": "FACEBOOK",
              },
              "ref": null,
              "rendered": "FACEBOOK",
              "type": "span",
            },
            " ACTION",
          ],
          "type": "h1",
        },
        Object {
          "instance": null,
          "key": undefined,
          "nodeType": "host",
          "props": Object {
            "children": Array [
              <label
                htmlFor="action-types"
>
                Select Action Type:
                <select
                                id="action-types"
                                name="action-types"
                                onChange={[Function]}
                >
                                <option
                                                value="facebook"
                                >
                                                Facebook
                                </option>
                                <option
                                                value="twitter"
                                >
                                                Twitter
                                </option>
                                <option
                                                value="email"
                                >
                                                Email
                                </option>
                                <option
                                                value="phone"
                                >
                                                Phone
                                </option>
                </select>
</label>,
              <ActionForm
                form="facebook"
                handleSubmit={[Function]}
/>,
            ],
            "className": "select-action-container",
          },
          "ref": null,
          "rendered": Array [
            Object {
              "instance": null,
              "key": undefined,
              "nodeType": "host",
              "props": Object {
                "children": Array [
                  "Select Action Type:",
                  <select
                    id="action-types"
                    name="action-types"
                    onChange={[Function]}
>
                    <option
                                        value="facebook"
                    >
                                        Facebook
                    </option>
                    <option
                                        value="twitter"
                    >
                                        Twitter
                    </option>
                    <option
                                        value="email"
                    >
                                        Email
                    </option>
                    <option
                                        value="phone"
                    >
                                        Phone
                    </option>
</select>,
                  false,
                  false,
                ],
                "htmlFor": "action-types",
              },
              "ref": null,
              "rendered": Array [
                "Select Action Type:",
                Object {
                  "instance": null,
                  "key": undefined,
                  "nodeType": "host",
                  "props": Object {
                    "children": Array [
                      <option
                        value="facebook"
>
                        Facebook
</option>,
                      <option
                        value="twitter"
>
                        Twitter
</option>,
                      <option
                        value="email"
>
                        Email
</option>,
                      <option
                        value="phone"
>
                        Phone
</option>,
                    ],
                    "id": "action-types",
                    "name": "action-types",
                    "onChange": [Function],
                  },
                  "ref": [Function],
                  "rendered": Array [
                    Object {
                      "instance": null,
                      "key": undefined,
                      "nodeType": "host",
                      "props": Object {
                        "children": "Facebook",
                        "value": "facebook",
                      },
                      "ref": null,
                      "rendered": "Facebook",
                      "type": "option",
                    },
                    Object {
                      "instance": null,
                      "key": undefined,
                      "nodeType": "host",
                      "props": Object {
                        "children": "Twitter",
                        "value": "twitter",
                      },
                      "ref": null,
                      "rendered": "Twitter",
                      "type": "option",
                    },
                    Object {
                      "instance": null,
                      "key": undefined,
                      "nodeType": "host",
                      "props": Object {
                        "children": "Email",
                        "value": "email",
                      },
                      "ref": null,
                      "rendered": "Email",
                      "type": "option",
                    },
                    Object {
                      "instance": null,
                      "key": undefined,
                      "nodeType": "host",
                      "props": Object {
                        "children": "Phone",
                        "value": "phone",
                      },
                      "ref": null,
                      "rendered": "Phone",
                      "type": "option",
                    },
                  ],
                  "type": "select",
                },
                false,
                false,
              ],
              "type": "label",
            },
            Object {
              "instance": null,
              "key": undefined,
              "nodeType": "class",
              "props": Object {
                "form": "facebook",
                "handleSubmit": [Function],
              },
              "ref": null,
              "rendered": null,
              "type": [Function],
            },
          ],
          "type": "section",
        },
      ],
      "type": "div",
    },
  ],
  Symbol(enzyme.__options__): Object {
    "adapter": ReactSixteenAdapter {
      "options": Object {
        "enableComponentDidUpdateOnSetState": true,
      },
    },
  },
}
`;
