// Jest Snapshot v1, https://goo.gl/fbAQLP

exports[`ForgotPassword component tests matches SnapShot 1`] = `
ShallowWrapper {
  "length": 1,
  Symbol(enzyme.__root__): [Circular],
  Symbol(enzyme.__unrendered__): <ForgotPassword />,
  Symbol(enzyme.__renderer__): Object {
    "batchedUpdates": [Function],
    "getNode": [Function],
    "render": [Function],
    "simulateEvent": [Function],
    "unmount": [Function],
  },
  Symbol(enzyme.__node__): Object {
    "instance": null,
    "key": undefined,
    "nodeType": "host",
    "props": Object {
      "children": Array [
        <h1>
          Reset Password
</h1>,
        <input
          name="email"
          onChange={[Function]}
          placeholder="Email"
          type="text"
          value=""
/>,
        <span />,
        <button
          onClick={[Function]}
>
          Send Reset Link
</button>,
        <Link
          replace={false}
          to="/signin"
>
          Back to Sign In
</Link>,
      ],
      "className": "ForgotPassword",
    },
    "ref": null,
    "rendered": Array [
      Object {
        "instance": null,
        "key": undefined,
        "nodeType": "host",
        "props": Object {
          "children": "Reset Password",
        },
        "ref": null,
        "rendered": "Reset Password",
        "type": "h1",
      },
      Object {
        "instance": null,
        "key": undefined,
        "nodeType": "host",
        "props": Object {
          "name": "email",
          "onChange": [Function],
          "placeholder": "Email",
          "type": "text",
          "value": "",
        },
        "ref": null,
        "rendered": null,
        "type": "input",
      },
      Object {
        "instance": null,
        "key": undefined,
        "nodeType": "host",
        "props": Object {
          "children": null,
        },
        "ref": null,
        "rendered": null,
        "type": "span",
      },
      Object {
        "instance": null,
        "key": undefined,
        "nodeType": "host",
        "props": Object {
          "children": "Send Reset Link",
          "onClick": [Function],
        },
        "ref": null,
        "rendered": "Send Reset Link",
        "type": "button",
      },
      Object {
        "instance": null,
        "key": undefined,
        "nodeType": "class",
        "props": Object {
          "children": "Back to Sign In",
          "replace": false,
          "to": "/signin",
        },
        "ref": null,
        "rendered": "Back to Sign In",
        "type": [Function],
      },
    ],
    "type": "div",
  },
  Symbol(enzyme.__nodes__): Array [
    Object {
      "instance": null,
      "key": undefined,
      "nodeType": "host",
      "props": Object {
        "children": Array [
          <h1>
            Reset Password
</h1>,
          <input
            name="email"
            onChange={[Function]}
            placeholder="Email"
            type="text"
            value=""
/>,
          <span />,
          <button
            onClick={[Function]}
>
            Send Reset Link
</button>,
          <Link
            replace={false}
            to="/signin"
>
            Back to Sign In
</Link>,
        ],
        "className": "ForgotPassword",
      },
      "ref": null,
      "rendered": Array [
        Object {
          "instance": null,
          "key": undefined,
          "nodeType": "host",
          "props": Object {
            "children": "Reset Password",
          },
          "ref": null,
          "rendered": "Reset Password",
          "type": "h1",
        },
        Object {
          "instance": null,
          "key": undefined,
          "nodeType": "host",
          "props": Object {
            "name": "email",
            "onChange": [Function],
            "placeholder": "Email",
            "type": "text",
            "value": "",
          },
          "ref": null,
          "rendered": null,
          "type": "input",
        },
        Object {
          "instance": null,
          "key": undefined,
          "nodeType": "host",
          "props": Object {
            "children": null,
          },
          "ref": null,
          "rendered": null,
          "type": "span",
        },
        Object {
          "instance": null,
          "key": undefined,
          "nodeType": "host",
          "props": Object {
            "children": "Send Reset Link",
            "onClick": [Function],
          },
          "ref": null,
          "rendered": "Send Reset Link",
          "type": "button",
        },
        Object {
          "instance": null,
          "key": undefined,
          "nodeType": "class",
          "props": Object {
            "children": "Back to Sign In",
            "replace": false,
            "to": "/signin",
          },
          "ref": null,
          "rendered": "Back to Sign In",
          "type": [Function],
        },
      ],
      "type": "div",
    },
  ],
  Symbol(enzyme.__options__): Object {
    "adapter": ReactSixteenAdapter {
      "options": Object {
        "enableComponentDidUpdateOnSetState": true,
      },
    },
  },
}
`;
