// Jest Snapshot v1, https://goo.gl/fbAQLP

exports[`Header component tests matches SnapShot 1`] = `
ShallowWrapper {
  "length": 1,
  Symbol(enzyme.__root__): [Circular],
  Symbol(enzyme.__unrendered__): <Unknown
    User={Object {}}
    validateUser={[Function]}
/>,
  Symbol(enzyme.__renderer__): Object {
    "batchedUpdates": [Function],
    "getNode": [Function],
    "render": [Function],
    "simulateEvent": [Function],
    "unmount": [Function],
  },
  Symbol(enzyme.__node__): Object {
    "instance": null,
    "key": undefined,
    "nodeType": "host",
    "props": Object {
      "children": Array [
        <Link
          className="main-site"
          replace={false}
          to="/"
>
          <img
                    className="App__logo"
                    src="fan-logo.png"
          />
           Fast Action Network
</Link>,
        <nav>
          
</nav>,
      ],
    },
    "ref": null,
    "rendered": Array [
      Object {
        "instance": null,
        "key": undefined,
        "nodeType": "class",
        "props": Object {
          "children": Array [
            <img
              className="App__logo"
              src="fan-logo.png"
/>,
            " Fast Action Network",
          ],
          "className": "main-site",
          "replace": false,
          "to": "/",
        },
        "ref": null,
        "rendered": Array [
          Object {
            "instance": null,
            "key": undefined,
            "nodeType": "host",
            "props": Object {
              "className": "App__logo",
              "src": "fan-logo.png",
            },
            "ref": null,
            "rendered": null,
            "type": "img",
          },
          " Fast Action Network",
        ],
        "type": [Function],
      },
      Object {
        "instance": null,
        "key": undefined,
        "nodeType": "host",
        "props": Object {
          "children": Array [
            null,
            null,
            null,
            null,
            null,
            null,
          ],
        },
        "ref": null,
        "rendered": Array [
          null,
          null,
          null,
          null,
          null,
          null,
        ],
        "type": "nav",
      },
    ],
    "type": "header",
  },
  Symbol(enzyme.__nodes__): Array [
    Object {
      "instance": null,
      "key": undefined,
      "nodeType": "host",
      "props": Object {
        "children": Array [
          <Link
            className="main-site"
            replace={false}
            to="/"
>
            <img
                        className="App__logo"
                        src="fan-logo.png"
            />
             Fast Action Network
</Link>,
          <nav>
            
</nav>,
        ],
      },
      "ref": null,
      "rendered": Array [
        Object {
          "instance": null,
          "key": undefined,
          "nodeType": "class",
          "props": Object {
            "children": Array [
              <img
                className="App__logo"
                src="fan-logo.png"
/>,
              " Fast Action Network",
            ],
            "className": "main-site",
            "replace": false,
            "to": "/",
          },
          "ref": null,
          "rendered": Array [
            Object {
              "instance": null,
              "key": undefined,
              "nodeType": "host",
              "props": Object {
                "className": "App__logo",
                "src": "fan-logo.png",
              },
              "ref": null,
              "rendered": null,
              "type": "img",
            },
            " Fast Action Network",
          ],
          "type": [Function],
        },
        Object {
          "instance": null,
          "key": undefined,
          "nodeType": "host",
          "props": Object {
            "children": Array [
              null,
              null,
              null,
              null,
              null,
              null,
            ],
          },
          "ref": null,
          "rendered": Array [
            null,
            null,
            null,
            null,
            null,
            null,
          ],
          "type": "nav",
        },
      ],
      "type": "header",
    },
  ],
  Symbol(enzyme.__options__): Object {
    "adapter": ReactSixteenAdapter {
      "options": Object {
        "enableComponentDidUpdateOnSetState": true,
      },
    },
  },
}
`;
